DEBUG tests/list_algos_tests.c:87: ----- RUNNING: ./tests/list_algos_tests
DEBUG tests/list_algos_tests.c:81: 
----- test_bubble_sort
DEBUG tests/list_algos_tests.c:82: 
----- test_merge_sort
DEBUG tests/list_tests.c:138: ----- RUNNING: ./tests/list_tests
DEBUG tests/list_tests.c:127: 
----- test_create
DEBUG tests/list_tests.c:128: 
----- test_push_pop
DEBUG tests/list_tests.c:129: 
----- test_unshift
DEBUG tests/list_tests.c:130: 
----- test_remove
DEBUG tests/list_tests.c:131: 
----- test_shift
DEBUG tests/list_tests.c:132: 
----- test_destroy
DEBUG tests/list_tests.c:133: 
----- test_copy
DEBUG tests/darray_tests.c:115: ----- RUNNING: ./tests/darray_tests
DEBUG tests/darray_tests.c:110: 
----- test_create
DEBUG tests/list_algos_tests.c:87: ----- RUNNING: ./tests/list_algos_tests
DEBUG tests/list_algos_tests.c:81: 
----- test_bubble_sort
DEBUG tests/list_algos_tests.c:82: 
----- test_merge_sort
DEBUG tests/list_tests.c:138: ----- RUNNING: ./tests/list_tests
DEBUG tests/list_tests.c:127: 
----- test_create
DEBUG tests/list_tests.c:128: 
----- test_push_pop
DEBUG tests/list_tests.c:129: 
----- test_unshift
DEBUG tests/list_tests.c:130: 
----- test_remove
DEBUG tests/list_tests.c:131: 
----- test_shift
DEBUG tests/list_tests.c:132: 
----- test_destroy
DEBUG tests/list_tests.c:133: 
----- test_copy
DEBUG tests/darray_tests.c:116: ----- RUNNING: ./tests/darray_tests
DEBUG tests/darray_tests.c:110: 
----- test_create
DEBUG tests/darray_tests.c:111: 
----- test_new
DEBUG tests/list_algos_tests.c:87: ----- RUNNING: ./tests/list_algos_tests
DEBUG tests/list_algos_tests.c:81: 
----- test_bubble_sort
DEBUG tests/list_algos_tests.c:82: 
----- test_merge_sort
DEBUG tests/list_tests.c:138: ----- RUNNING: ./tests/list_tests
DEBUG tests/list_tests.c:127: 
----- test_create
DEBUG tests/list_tests.c:128: 
----- test_push_pop
DEBUG tests/list_tests.c:129: 
----- test_unshift
DEBUG tests/list_tests.c:130: 
----- test_remove
DEBUG tests/list_tests.c:131: 
----- test_shift
DEBUG tests/list_tests.c:132: 
----- test_destroy
DEBUG tests/list_tests.c:133: 
----- test_copy
DEBUG tests/darray_tests.c:118: ----- RUNNING: ./tests/darray_tests
DEBUG tests/darray_tests.c:110: 
----- test_create
DEBUG tests/darray_tests.c:111: 
----- test_new
DEBUG tests/darray_tests.c:112: 
----- test_set
DEBUG tests/darray_tests.c:113: 
----- test_get
DEBUG tests/list_algos_tests.c:87: ----- RUNNING: ./tests/list_algos_tests
DEBUG tests/list_algos_tests.c:81: 
----- test_bubble_sort
DEBUG tests/list_algos_tests.c:82: 
----- test_merge_sort
DEBUG tests/list_tests.c:138: ----- RUNNING: ./tests/list_tests
DEBUG tests/list_tests.c:127: 
----- test_create
DEBUG tests/list_tests.c:128: 
----- test_push_pop
DEBUG tests/list_tests.c:129: 
----- test_unshift
DEBUG tests/list_tests.c:130: 
----- test_remove
DEBUG tests/list_tests.c:131: 
----- test_shift
DEBUG tests/list_tests.c:132: 
----- test_destroy
DEBUG tests/list_tests.c:133: 
----- test_copy
DEBUG tests/darray_tests.c:119: ----- RUNNING: ./tests/darray_tests
DEBUG tests/darray_tests.c:110: 
----- test_create
DEBUG tests/darray_tests.c:111: 
----- test_new
DEBUG tests/darray_tests.c:112: 
----- test_set
DEBUG tests/darray_tests.c:113: 
----- test_get
DEBUG tests/darray_tests.c:114: 
----- test_remove
[ERROR] (tests/darray_tests.c:65:test_remove: errno: None) Should be gone
DEBUG tests/darray_tests.c:119: ----- RUNNING: ./tests/darray_tests
DEBUG tests/darray_tests.c:110: 
----- test_create
DEBUG tests/darray_tests.c:111: 
----- test_new
DEBUG tests/darray_tests.c:112: 
----- test_set
DEBUG tests/darray_tests.c:113: 
----- test_get
DEBUG tests/list_algos_tests.c:87: ----- RUNNING: ./tests/list_algos_tests
DEBUG tests/list_algos_tests.c:81: 
----- test_bubble_sort
DEBUG tests/list_algos_tests.c:82: 
----- test_merge_sort
DEBUG tests/list_tests.c:138: ----- RUNNING: ./tests/list_tests
DEBUG tests/list_tests.c:127: 
----- test_create
DEBUG tests/list_tests.c:128: 
----- test_push_pop
DEBUG tests/list_tests.c:129: 
----- test_unshift
DEBUG tests/list_tests.c:130: 
----- test_remove
DEBUG tests/list_tests.c:131: 
----- test_shift
DEBUG tests/list_tests.c:132: 
----- test_destroy
DEBUG tests/list_tests.c:133: 
----- test_copy
DEBUG tests/darray_tests.c:119: ----- RUNNING: ./tests/darray_tests
DEBUG tests/darray_tests.c:110: 
----- test_create
DEBUG tests/darray_tests.c:111: 
----- test_new
DEBUG tests/darray_tests.c:112: 
----- test_set
DEBUG tests/darray_tests.c:113: 
----- test_get
DEBUG tests/list_algos_tests.c:87: ----- RUNNING: ./tests/list_algos_tests
DEBUG tests/list_algos_tests.c:81: 
----- test_bubble_sort
DEBUG tests/list_algos_tests.c:82: 
----- test_merge_sort
DEBUG tests/list_tests.c:138: ----- RUNNING: ./tests/list_tests
DEBUG tests/list_tests.c:127: 
----- test_create
DEBUG tests/list_tests.c:128: 
----- test_push_pop
DEBUG tests/list_tests.c:129: 
----- test_unshift
DEBUG tests/list_tests.c:130: 
----- test_remove
DEBUG tests/list_tests.c:131: 
----- test_shift
DEBUG tests/list_tests.c:132: 
----- test_destroy
DEBUG tests/list_tests.c:133: 
----- test_copy
